This is pdfTeX, Version 3.141592653-2.6-1.40.27 (TeX Live 2026/dev/Arch Linux) (preloaded format=pdflatex 2025.4.11)  31 MAY 2025 12:23
entering extended mode
 \write18 enabled.
 file:line:error style messages enabled.
 %&-line parsing enabled.
**/home/mrab/Desktop/dev/rust/arch/documentation/paper/thesis
(/home/mrab/Desktop/dev/rust/arch/documentation/paper/thesis.tex
LaTeX2e <2024-11-01> patch level 2
L3 programming layer <2025-01-18>
(/usr/share/texmf-dist/tex/latex/extsizes/extarticle.cls
Document Class: extarticle 1996/10/08 v1.0 Non Standard LaTeX document class
(/usr/share/texmf-dist/tex/latex/base/size12.clo
File: size12.clo 2024/06/29 v1.4n Standard LaTeX file (size option)
) (/usr/share/texmf-dist/tex/latex/base/exscale.sty
Package: exscale 2018/09/24 v2.1i Standard LaTeX package exscale
LaTeX Font Info:    Redeclaring symbol font `largesymbols' on input line 57.
LaTeX Font Info:    Overwriting symbol font `largesymbols' in version `normal'
(Font)                  OMX/cmex/m/n --> OMX/cmex/m/n on input line 57.
LaTeX Font Info:    Overwriting symbol font `largesymbols' in version `bold'
(Font)                  OMX/cmex/m/n --> OMX/cmex/m/n on input line 57.
\big@size=\dimen141
)
\c@part=\count196
\c@section=\count197
\c@subsection=\count198
\c@subsubsection=\count199
\c@paragraph=\count266
\c@subparagraph=\count267
\c@figure=\count268
\c@table=\count269
\abovecaptionskip=\skip49
\belowcaptionskip=\skip50
\bibindent=\dimen142
) (/usr/share/texmf-dist/tex/latex/geometry/geometry.sty
Package: geometry 2020/01/02 v5.9 Page Geometry
 (/usr/share/texmf-dist/tex/latex/graphics/keyval.sty
Package: keyval 2022/05/29 v1.15 key=value parser (DPC)
\KV@toks@=\toks17
) (/usr/share/texmf-dist/tex/generic/iftex/ifvtex.sty
Package: ifvtex 2019/10/25 v1.7 ifvtex legacy package. Use iftex instead.
 (/usr/share/texmf-dist/tex/generic/iftex/iftex.sty
Package: iftex 2024/12/12 v1.0g TeX engine tests
))
\Gm@cnth=\count270
\Gm@cntv=\count271
\c@Gm@tempcnt=\count272
\Gm@bindingoffset=\dimen143
\Gm@wd@mp=\dimen144
\Gm@odd@mp=\dimen145
\Gm@even@mp=\dimen146
\Gm@layoutwidth=\dimen147
\Gm@layoutheight=\dimen148
\Gm@layouthoffset=\dimen149
\Gm@layoutvoffset=\dimen150
\Gm@dimlist=\toks18
) (/usr/share/texmf-dist/tex/latex/parskip/parskip.sty
Package: parskip 2021-03-14 v2.0h non-zero parskip adjustments
 (/usr/share/texmf-dist/tex/latex/kvoptions/kvoptions.sty
Package: kvoptions 2022-06-15 v3.15 Key value format for package options (HO)
 (/usr/share/texmf-dist/tex/generic/ltxcmds/ltxcmds.sty
Package: ltxcmds 2023-12-04 v1.26 LaTeX kernel commands for general use (HO)
) (/usr/share/texmf-dist/tex/latex/kvsetkeys/kvsetkeys.sty
Package: kvsetkeys 2022-10-05 v1.19 Key value parser (HO)
)) (/usr/share/texmf-dist/tex/latex/etoolbox/etoolbox.sty
Package: etoolbox 2025/02/11 v2.5l e-TeX tools for LaTeX (JAW)
\etb@tempcnta=\count273
)) (/usr/share/texmf-dist/tex/latex/base/inputenc.sty
Package: inputenc 2024/02/08 v1.3d Input encoding file
\inpenc@prehook=\toks19
\inpenc@posthook=\toks20
) (/usr/share/texmf-dist/tex/latex/acro/acro.sty (/usr/share/texmf-dist/tex/latex/l3packages/l3keys2e/l3keys2e.sty (/usr/share/texmf-dist/tex/latex/l3kernel/expl3.sty
Package: expl3 2025-01-18 L3 programming layer (loader) 
 (/usr/share/texmf-dist/tex/latex/l3backend/l3backend-pdftex.def
File: l3backend-pdftex.def 2024-05-08 L3 backend support: PDF output (pdfTeX)
\l__color_backend_stack_int=\count274
\l__pdf_internal_box=\box52
))
Package: l3keys2e 2024-08-16 LaTeX2e option processing using LaTeX3 keys
)
Package: acro 2022/04/01 v3.8 typeset acronyms and other abbreviations (CN)
\l__acro_tmpa_int=\count275
\l__acro_tmpb_int=\count276
\l__acro_tmpc_int=\count277
\l__acro_tmpd_int=\count278
Loading module `base' ...
Loading module `interface' ...
Loading module `aux' ...
Loading module `properties' ...
Loading module `acronyms' ...
Loading module `formatting' ...
Loading module `ppfixes' ...
Loading module `tools' ...
\l__acro_minimal_usage_int=\count279
\l__acro_nest_int=\count280
\g_acro_barrier_int=\count281
\g_acro_barrier_total_int=\count282
Loading module `commands' ...
\l_acro_nest_level_int=\count283
Loading module `templates' ...
Loading module `list' ...
Loading module `pages' ...
\l__acro_pages_seq_threshold_int=\count284
Loading module `locale' ...
 (/usr/share/texmf-dist/tex/latex/translations/translations.sty
Package: translations 2022/02/05 v1.12 internationalization of LaTeX2e packages (CN)
 (/usr/share/texmf-dist/tex/generic/pdftexcmds/pdftexcmds.sty
Package: pdftexcmds 2020-06-27 v0.33 Utility functions of pdfTeX for LuaTeX (HO)
 (/usr/share/texmf-dist/tex/generic/infwarerr/infwarerr.sty
Package: infwarerr 2019/12/03 v1.5 Providing info/warning/error messages (HO)
)
Package pdftexcmds Info: \pdf@primitive is available.
Package pdftexcmds Info: \pdf@ifprimitive is available.
Package pdftexcmds Info: \pdfdraftmode found.
))
Loading module `pdfsupport' ...
Loading module `patch' ...
Loading module `definitions' ...
Loading module `upgrade' ...
) (/usr/share/texmf-dist/tex/latex/cite/cite.sty
LaTeX Info: Redefining \cite on input line 302.
LaTeX Info: Redefining \nocite on input line 332.
Package: cite 2015/02/27  v 5.5
) (/usr/share/texmf-dist/tex/latex/enumitem/enumitem.sty
Package: enumitem 2025/02/06 v3.11 Customized lists
\labelindent=\skip51
\enit@outerparindent=\dimen151
\enit@toks=\toks21
\enit@inbox=\box53
\enit@count@id=\count285
\enitdp@description=\count286
) (/usr/share/texmf-dist/tex/latex/titling/titling.sty
Package: titling 2009/09/04 v2.1d maketitle typesetting
\thanksmarkwidth=\skip52
\thanksmargin=\skip53
\droptitle=\skip54
) (/usr/share/texmf-dist/tex/latex/tools/longtable.sty
Package: longtable 2024-10-27 v4.22 Multi-page Table package (DPC)
\LTleft=\skip55
\LTright=\skip56
\LTpre=\skip57
\LTpost=\skip58
\LTchunksize=\count287
\LTcapwidth=\dimen152
\LT@head=\box54
\LT@firsthead=\box55
\LT@foot=\box56
\LT@lastfoot=\box57
\LT@gbox=\box58
\LT@cols=\count288
\LT@rows=\count289
\c@LT@tables=\count290
\c@LT@chunks=\count291
\LT@p@ftn=\toks22
) (/usr/share/texmf-dist/tex/latex/graphics/graphicx.sty
Package: graphicx 2021/09/16 v1.2d Enhanced LaTeX Graphics (DPC,SPQR)
 (/usr/share/texmf-dist/tex/latex/graphics/graphics.sty
Package: graphics 2024/08/06 v1.4g Standard LaTeX Graphics (DPC,SPQR)
 (/usr/share/texmf-dist/tex/latex/graphics/trig.sty
Package: trig 2023/12/02 v1.11 sin cos tan (DPC)
) (/usr/share/texmf-dist/tex/latex/graphics-cfg/graphics.cfg
File: graphics.cfg 2016/06/04 v1.11 sample graphics configuration
)
Package graphics Info: Driver file: pdftex.def on input line 106.
 (/usr/share/texmf-dist/tex/latex/graphics-def/pdftex.def
File: pdftex.def 2024/04/13 v1.2c Graphics/color driver for pdftex
))
\Gin@req@height=\dimen153
\Gin@req@width=\dimen154
) (/usr/share/texmf-dist/tex/latex/pgf/frontendlayer/tikz.sty (/usr/share/texmf-dist/tex/latex/pgf/basiclayer/pgf.sty (/usr/share/texmf-dist/tex/latex/pgf/utilities/pgfrcs.sty (/usr/share/texmf-dist/tex/generic/pgf/utilities/pgfutil-common.tex
\pgfutil@everybye=\toks23
\pgfutil@tempdima=\dimen155
\pgfutil@tempdimb=\dimen156
) (/usr/share/texmf-dist/tex/generic/pgf/utilities/pgfutil-latex.def
\pgfutil@abb=\box59
) (/usr/share/texmf-dist/tex/generic/pgf/utilities/pgfrcs.code.tex (/usr/share/texmf-dist/tex/generic/pgf/pgf.revision.tex)
Package: pgfrcs 2023-01-15 v3.1.10 (3.1.10)
))
Package: pgf 2023-01-15 v3.1.10 (3.1.10)
 (/usr/share/texmf-dist/tex/latex/pgf/basiclayer/pgfcore.sty (/usr/share/texmf-dist/tex/latex/pgf/systemlayer/pgfsys.sty (/usr/share/texmf-dist/tex/generic/pgf/systemlayer/pgfsys.code.tex
Package: pgfsys 2023-01-15 v3.1.10 (3.1.10)
 (/usr/share/texmf-dist/tex/generic/pgf/utilities/pgfkeys.code.tex
\pgfkeys@pathtoks=\toks24
\pgfkeys@temptoks=\toks25
 (/usr/share/texmf-dist/tex/generic/pgf/utilities/pgfkeyslibraryfiltered.code.tex
\pgfkeys@tmptoks=\toks26
))
\pgf@x=\dimen157
\pgf@y=\dimen158
\pgf@xa=\dimen159
\pgf@ya=\dimen160
\pgf@xb=\dimen161
\pgf@yb=\dimen162
\pgf@xc=\dimen163
\pgf@yc=\dimen164
\pgf@xd=\dimen165
\pgf@yd=\dimen166
\w@pgf@writea=\write3
\r@pgf@reada=\read2
\c@pgf@counta=\count292
\c@pgf@countb=\count293
\c@pgf@countc=\count294
\c@pgf@countd=\count295
\t@pgf@toka=\toks27
\t@pgf@tokb=\toks28
\t@pgf@tokc=\toks29
\pgf@sys@id@count=\count296
 (/usr/share/texmf-dist/tex/generic/pgf/systemlayer/pgf.cfg
File: pgf.cfg 2023-01-15 v3.1.10 (3.1.10)
)
Driver file for pgf: pgfsys-pdftex.def
 (/usr/share/texmf-dist/tex/generic/pgf/systemlayer/pgfsys-pdftex.def
File: pgfsys-pdftex.def 2023-01-15 v3.1.10 (3.1.10)
 (/usr/share/texmf-dist/tex/generic/pgf/systemlayer/pgfsys-common-pdf.def
File: pgfsys-common-pdf.def 2023-01-15 v3.1.10 (3.1.10)
))) (/usr/share/texmf-dist/tex/generic/pgf/systemlayer/pgfsyssoftpath.code.tex
File: pgfsyssoftpath.code.tex 2023-01-15 v3.1.10 (3.1.10)
\pgfsyssoftpath@smallbuffer@items=\count297
\pgfsyssoftpath@bigbuffer@items=\count298
) (/usr/share/texmf-dist/tex/generic/pgf/systemlayer/pgfsysprotocol.code.tex
File: pgfsysprotocol.code.tex 2023-01-15 v3.1.10 (3.1.10)
)) (/usr/share/texmf-dist/tex/latex/xcolor/xcolor.sty
Package: xcolor 2024/09/29 v3.02 LaTeX color extensions (UK)
 (/usr/share/texmf-dist/tex/latex/graphics-cfg/color.cfg
File: color.cfg 2016/01/02 v1.6 sample color configuration
)
Package xcolor Info: Driver file: pdftex.def on input line 274.
 (/usr/share/texmf-dist/tex/latex/graphics/mathcolor.ltx)
Package xcolor Info: Model `cmy' substituted by `cmy0' on input line 1349.
Package xcolor Info: Model `hsb' substituted by `rgb' on input line 1353.
Package xcolor Info: Model `RGB' extended on input line 1365.
Package xcolor Info: Model `HTML' substituted by `rgb' on input line 1367.
Package xcolor Info: Model `Hsb' substituted by `hsb' on input line 1368.
Package xcolor Info: Model `tHsb' substituted by `hsb' on input line 1369.
Package xcolor Info: Model `HSB' substituted by `hsb' on input line 1370.
Package xcolor Info: Model `Gray' substituted by `gray' on input line 1371.
Package xcolor Info: Model `wave' substituted by `hsb' on input line 1372.
) (/usr/share/texmf-dist/tex/generic/pgf/basiclayer/pgfcore.code.tex
Package: pgfcore 2023-01-15 v3.1.10 (3.1.10)
 (/usr/share/texmf-dist/tex/generic/pgf/math/pgfmath.code.tex (/usr/share/texmf-dist/tex/generic/pgf/math/pgfmathutil.code.tex) (/usr/share/texmf-dist/tex/generic/pgf/math/pgfmathparser.code.tex
\pgfmath@dimen=\dimen167
\pgfmath@count=\count299
\pgfmath@box=\box60
\pgfmath@toks=\toks30
\pgfmath@stack@operand=\toks31
\pgfmath@stack@operation=\toks32
) (/usr/share/texmf-dist/tex/generic/pgf/math/pgfmathfunctions.code.tex) (/usr/share/texmf-dist/tex/generic/pgf/math/pgfmathfunctions.basic.code.tex) (/usr/share/texmf-dist/tex/generic/pgf/math/pgfmathfunctions.trigonometric.code.tex) (/usr/share/texmf-dist/tex/generic/pgf/math/pgfmathfunctions.random.code.tex) (/usr/share/texmf-dist/tex/generic/pgf/math/pgfmathfunctions.comparison.code.tex) (/usr/share/texmf-dist/tex/generic/pgf/math/pgfmathfunctions.base.code.tex) (/usr/share/texmf-dist/tex/generic/pgf/math/pgfmathfunctions.round.code.tex) (/usr/share/texmf-dist/tex/generic/pgf/math/pgfmathfunctions.misc.code.tex) (/usr/share/texmf-dist/tex/generic/pgf/math/pgfmathfunctions.integerarithmetics.code.tex) (/usr/share/texmf-dist/tex/generic/pgf/math/pgfmathcalc.code.tex) (/usr/share/texmf-dist/tex/generic/pgf/math/pgfmathfloat.code.tex
\c@pgfmathroundto@lastzeros=\count300
)) (/usr/share/texmf-dist/tex/generic/pgf/math/pgfint.code.tex) (/usr/share/texmf-dist/tex/generic/pgf/basiclayer/pgfcorepoints.code.tex
File: pgfcorepoints.code.tex 2023-01-15 v3.1.10 (3.1.10)
\pgf@picminx=\dimen168
\pgf@picmaxx=\dimen169
\pgf@picminy=\dimen170
\pgf@picmaxy=\dimen171
\pgf@pathminx=\dimen172
\pgf@pathmaxx=\dimen173
\pgf@pathminy=\dimen174
\pgf@pathmaxy=\dimen175
\pgf@xx=\dimen176
\pgf@xy=\dimen177
\pgf@yx=\dimen178
\pgf@yy=\dimen179
\pgf@zx=\dimen180
\pgf@zy=\dimen181
) (/usr/share/texmf-dist/tex/generic/pgf/basiclayer/pgfcorepathconstruct.code.tex
File: pgfcorepathconstruct.code.tex 2023-01-15 v3.1.10 (3.1.10)
\pgf@path@lastx=\dimen182
\pgf@path@lasty=\dimen183
) (/usr/share/texmf-dist/tex/generic/pgf/basiclayer/pgfcorepathusage.code.tex
File: pgfcorepathusage.code.tex 2023-01-15 v3.1.10 (3.1.10)
\pgf@shorten@end@additional=\dimen184
\pgf@shorten@start@additional=\dimen185
) (/usr/share/texmf-dist/tex/generic/pgf/basiclayer/pgfcorescopes.code.tex
File: pgfcorescopes.code.tex 2023-01-15 v3.1.10 (3.1.10)
\pgfpic=\box61
\pgf@hbox=\box62
\pgf@layerbox@main=\box63
\pgf@picture@serial@count=\count301
) (/usr/share/texmf-dist/tex/generic/pgf/basiclayer/pgfcoregraphicstate.code.tex
File: pgfcoregraphicstate.code.tex 2023-01-15 v3.1.10 (3.1.10)
\pgflinewidth=\dimen186
) (/usr/share/texmf-dist/tex/generic/pgf/basiclayer/pgfcoretransformations.code.tex
File: pgfcoretransformations.code.tex 2023-01-15 v3.1.10 (3.1.10)
\pgf@pt@x=\dimen187
\pgf@pt@y=\dimen188
\pgf@pt@temp=\dimen189
) (/usr/share/texmf-dist/tex/generic/pgf/basiclayer/pgfcorequick.code.tex
File: pgfcorequick.code.tex 2023-01-15 v3.1.10 (3.1.10)
) (/usr/share/texmf-dist/tex/generic/pgf/basiclayer/pgfcoreobjects.code.tex
File: pgfcoreobjects.code.tex 2023-01-15 v3.1.10 (3.1.10)
) (/usr/share/texmf-dist/tex/generic/pgf/basiclayer/pgfcorepathprocessing.code.tex
File: pgfcorepathprocessing.code.tex 2023-01-15 v3.1.10 (3.1.10)
) (/usr/share/texmf-dist/tex/generic/pgf/basiclayer/pgfcorearrows.code.tex
File: pgfcorearrows.code.tex 2023-01-15 v3.1.10 (3.1.10)
\pgfarrowsep=\dimen190
) (/usr/share/texmf-dist/tex/generic/pgf/basiclayer/pgfcoreshade.code.tex
File: pgfcoreshade.code.tex 2023-01-15 v3.1.10 (3.1.10)
\pgf@max=\dimen191
\pgf@sys@shading@range@num=\count302
\pgf@shadingcount=\count303
) (/usr/share/texmf-dist/tex/generic/pgf/basiclayer/pgfcoreimage.code.tex
File: pgfcoreimage.code.tex 2023-01-15 v3.1.10 (3.1.10)
) (/usr/share/texmf-dist/tex/generic/pgf/basiclayer/pgfcoreexternal.code.tex
File: pgfcoreexternal.code.tex 2023-01-15 v3.1.10 (3.1.10)
\pgfexternal@startupbox=\box64
) (/usr/share/texmf-dist/tex/generic/pgf/basiclayer/pgfcorelayers.code.tex
File: pgfcorelayers.code.tex 2023-01-15 v3.1.10 (3.1.10)
) (/usr/share/texmf-dist/tex/generic/pgf/basiclayer/pgfcoretransparency.code.tex
File: pgfcoretransparency.code.tex 2023-01-15 v3.1.10 (3.1.10)
) (/usr/share/texmf-dist/tex/generic/pgf/basiclayer/pgfcorepatterns.code.tex
File: pgfcorepatterns.code.tex 2023-01-15 v3.1.10 (3.1.10)
) (/usr/share/texmf-dist/tex/generic/pgf/basiclayer/pgfcorerdf.code.tex
File: pgfcorerdf.code.tex 2023-01-15 v3.1.10 (3.1.10)
))) (/usr/share/texmf-dist/tex/generic/pgf/modules/pgfmoduleshapes.code.tex
File: pgfmoduleshapes.code.tex 2023-01-15 v3.1.10 (3.1.10)
\pgfnodeparttextbox=\box65
) (/usr/share/texmf-dist/tex/generic/pgf/modules/pgfmoduleplot.code.tex
File: pgfmoduleplot.code.tex 2023-01-15 v3.1.10 (3.1.10)
) (/usr/share/texmf-dist/tex/latex/pgf/compatibility/pgfcomp-version-0-65.sty
Package: pgfcomp-version-0-65 2023-01-15 v3.1.10 (3.1.10)
\pgf@nodesepstart=\dimen192
\pgf@nodesepend=\dimen193
) (/usr/share/texmf-dist/tex/latex/pgf/compatibility/pgfcomp-version-1-18.sty
Package: pgfcomp-version-1-18 2023-01-15 v3.1.10 (3.1.10)
)) (/usr/share/texmf-dist/tex/latex/pgf/utilities/pgffor.sty (/usr/share/texmf-dist/tex/latex/pgf/utilities/pgfkeys.sty (/usr/share/texmf-dist/tex/generic/pgf/utilities/pgfkeys.code.tex)) (/usr/share/texmf-dist/tex/latex/pgf/math/pgfmath.sty (/usr/share/texmf-dist/tex/generic/pgf/math/pgfmath.code.tex)) (/usr/share/texmf-dist/tex/generic/pgf/utilities/pgffor.code.tex
Package: pgffor 2023-01-15 v3.1.10 (3.1.10)
\pgffor@iter=\dimen194
\pgffor@skip=\dimen195
\pgffor@stack=\toks33
\pgffor@toks=\toks34
)) (/usr/share/texmf-dist/tex/generic/pgf/frontendlayer/tikz/tikz.code.tex
Package: tikz 2023-01-15 v3.1.10 (3.1.10)
 (/usr/share/texmf-dist/tex/generic/pgf/libraries/pgflibraryplothandlers.code.tex
File: pgflibraryplothandlers.code.tex 2023-01-15 v3.1.10 (3.1.10)
\pgf@plot@mark@count=\count304
\pgfplotmarksize=\dimen196
)
\tikz@lastx=\dimen197
\tikz@lasty=\dimen198
\tikz@lastxsaved=\dimen199
\tikz@lastysaved=\dimen256
\tikz@lastmovetox=\dimen257
\tikz@lastmovetoy=\dimen258
\tikzleveldistance=\dimen259
\tikzsiblingdistance=\dimen260
\tikz@figbox=\box66
\tikz@figbox@bg=\box67
\tikz@tempbox=\box68
\tikz@tempbox@bg=\box69
\tikztreelevel=\count305
\tikznumberofchildren=\count306
\tikznumberofcurrentchild=\count307
\tikz@fig@count=\count308
 (/usr/share/texmf-dist/tex/generic/pgf/modules/pgfmodulematrix.code.tex
File: pgfmodulematrix.code.tex 2023-01-15 v3.1.10 (3.1.10)
\pgfmatrixcurrentrow=\count309
\pgfmatrixcurrentcolumn=\count310
\pgf@matrix@numberofcolumns=\count311
)
\tikz@expandcount=\count312
 (/usr/share/texmf-dist/tex/generic/pgf/frontendlayer/tikz/libraries/tikzlibrarytopaths.code.tex
File: tikzlibrarytopaths.code.tex 2023-01-15 v3.1.10 (3.1.10)
))) (/usr/share/texmf-dist/tex/generic/babel/babel.sty
Package: babel 2025/02/14 v25.4 The multilingual framework for pdfLaTeX, LuaLaTeX and XeLaTeX
\babel@savecnt=\count313
\U@D=\dimen261
\l@unhyphenated=\language8
 (/usr/share/texmf-dist/tex/generic/babel/txtbabel.def)
\bbl@readstream=\read3
\bbl@dirlevel=\count314
 (/usr/share/texmf-dist/tex/generic/babel-english/english.ldf
Language: english 2017/06/06 v3.3r English support from the babel system
Package babel Info: Hyphen rules for 'british' set to \l@english
(babel)             (\language0). Reported on input line 82.
Package babel Info: Hyphen rules for 'UKenglish' set to \l@english
(babel)             (\language0). Reported on input line 83.
Package babel Info: Hyphen rules for 'canadian' set to \l@english
(babel)             (\language0). Reported on input line 102.
Package babel Info: Hyphen rules for 'australian' set to \l@english
(babel)             (\language0). Reported on input line 105.
Package babel Info: Hyphen rules for 'newzealand' set to \l@english
(babel)             (\language0). Reported on input line 108.
)) (/usr/share/texmf-dist/tex/generic/babel/locale/en/babel-english.tex
Package babel Info: Importing font and identification data for english
(babel)             from babel-en.ini. Reported on input line 11.
) (/usr/share/texmf-dist/tex/latex/url/url.sty
\Urlmuskip=\muskip17
Package: url 2013/09/16  ver 3.4  Verb mode for urls, etc.
) (/usr/share/texmf-dist/tex/latex/hyperref/hyperref.sty
Package: hyperref 2024-11-05 v7.01l Hypertext links for LaTeX
 (/usr/share/texmf-dist/tex/generic/kvdefinekeys/kvdefinekeys.sty
Package: kvdefinekeys 2019-12-19 v1.6 Define keys (HO)
) (/usr/share/texmf-dist/tex/generic/pdfescape/pdfescape.sty
Package: pdfescape 2019/12/09 v1.15 Implements pdfTeX's escape features (HO)
) (/usr/share/texmf-dist/tex/latex/hycolor/hycolor.sty
Package: hycolor 2020-01-27 v1.10 Color options for hyperref/bookmark (HO)
) (/usr/share/texmf-dist/tex/latex/hyperref/nameref.sty
Package: nameref 2023-11-26 v2.56 Cross-referencing by name of section
 (/usr/share/texmf-dist/tex/latex/refcount/refcount.sty
Package: refcount 2019/12/15 v3.6 Data extraction from label references (HO)
) (/usr/share/texmf-dist/tex/generic/gettitlestring/gettitlestring.sty
Package: gettitlestring 2019/12/15 v1.6 Cleanup title references (HO)
)
\c@section@level=\count315
) (/usr/share/texmf-dist/tex/generic/stringenc/stringenc.sty
Package: stringenc 2019/11/29 v1.12 Convert strings between diff. encodings (HO)
)
\@linkdim=\dimen262
\Hy@linkcounter=\count316
\Hy@pagecounter=\count317
 (/usr/share/texmf-dist/tex/latex/hyperref/pd1enc.def
File: pd1enc.def 2024-11-05 v7.01l Hyperref: PDFDocEncoding definition (HO)
Now handling font encoding PD1 ...
... no UTF-8 mapping file for font encoding PD1
) (/usr/share/texmf-dist/tex/generic/intcalc/intcalc.sty
Package: intcalc 2019/12/15 v1.3 Expandable calculations with integers (HO)
)
\Hy@SavedSpaceFactor=\count318
 (/usr/share/texmf-dist/tex/latex/hyperref/puenc.def
File: puenc.def 2024-11-05 v7.01l Hyperref: PDF Unicode definition (HO)
Now handling font encoding PU ...
... no UTF-8 mapping file for font encoding PU
)
Package hyperref Info: Hyper figures OFF on input line 4157.
Package hyperref Info: Link nesting OFF on input line 4162.
Package hyperref Info: Hyper index ON on input line 4165.
Package hyperref Info: Plain pages OFF on input line 4172.
Package hyperref Info: Backreferencing OFF on input line 4177.
Package hyperref Info: Implicit mode ON; LaTeX internals redefined.
Package hyperref Info: Bookmarks ON on input line 4424.
\c@Hy@tempcnt=\count319
LaTeX Info: Redefining \url on input line 4763.
\XeTeXLinkMargin=\dimen263
 (/usr/share/texmf-dist/tex/generic/bitset/bitset.sty
Package: bitset 2019/12/09 v1.3 Handle bit-vector datatype (HO)
 (/usr/share/texmf-dist/tex/generic/bigintcalc/bigintcalc.sty
Package: bigintcalc 2019/12/15 v1.5 Expandable calculations on big integers (HO)
))
\Fld@menulength=\count320
\Field@Width=\dimen264
\Fld@charsize=\dimen265
Package hyperref Info: Hyper figures OFF on input line 6042.
Package hyperref Info: Link nesting OFF on input line 6047.
Package hyperref Info: Hyper index ON on input line 6050.
Package hyperref Info: backreferencing OFF on input line 6057.
Package hyperref Info: Link coloring OFF on input line 6062.
Package hyperref Info: Link coloring with OCG OFF on input line 6067.
Package hyperref Info: PDF/A mode OFF on input line 6072.
 (/usr/share/texmf-dist/tex/latex/base/atbegshi-ltx.sty
Package: atbegshi-ltx 2021/01/10 v1.0c Emulation of the original atbegshi
package with kernel methods
)
\Hy@abspage=\count321
\c@Item=\count322
\c@Hfootnote=\count323
)
Package hyperref Info: Driver (autodetected): hpdftex.
 (/usr/share/texmf-dist/tex/latex/hyperref/hpdftex.def
File: hpdftex.def 2024-11-05 v7.01l Hyperref driver for pdfTeX
 (/usr/share/texmf-dist/tex/latex/base/atveryend-ltx.sty
Package: atveryend-ltx 2020/08/19 v1.0a Emulation of the original atveryend package
with kernel methods
)
\Fld@listcount=\count324
\c@bookmark@seq@number=\count325
 (/usr/share/texmf-dist/tex/latex/rerunfilecheck/rerunfilecheck.sty
Package: rerunfilecheck 2022-07-10 v1.10 Rerun checks for auxiliary files (HO)
 (/usr/share/texmf-dist/tex/generic/uniquecounter/uniquecounter.sty
Package: uniquecounter 2019/12/15 v1.4 Provide unlimited unique counter (HO)
)
Package uniquecounter Info: New unique counter `rerunfilecheck' on input line 285.
)
\Hy@SectionHShift=\skip59
) (/usr/share/texmf-dist/tex/latex/float/float.sty
Package: float 2001/11/08 v1.3d Float enhancements (AL)
\c@float@type=\count326
\float@exts=\toks35
\float@box=\box70
\@float@everytoks=\toks36
\@floatcapt=\box71
) (/usr/share/texmf-dist/tex/latex/amsfonts/amssymb.sty
Package: amssymb 2013/01/14 v3.01 AMS font symbols
 (/usr/share/texmf-dist/tex/latex/amsfonts/amsfonts.sty
Package: amsfonts 2013/01/14 v3.01 Basic AMSFonts support
\@emptytoks=\toks37
\symAMSa=\mathgroup4
\symAMSb=\mathgroup5
LaTeX Font Info:    Redeclaring math symbol \hbar on input line 98.
LaTeX Font Info:    Overwriting math alphabet `\mathfrak' in version `bold'
(Font)                  U/euf/m/n --> U/euf/b/n on input line 106.
)) (/usr/share/texmf-dist/tex/latex/amsmath/amsmath.sty
Package: amsmath 2024/11/05 v2.17t AMS math features
\@mathmargin=\skip60

For additional information on amsmath, use the `?' option.
(/usr/share/texmf-dist/tex/latex/amsmath/amstext.sty
Package: amstext 2021/08/26 v2.01 AMS text
 (/usr/share/texmf-dist/tex/latex/amsmath/amsgen.sty
File: amsgen.sty 1999/11/30 v2.0 generic functions
\@emptytoks=\toks38
\ex@=\dimen266
)) (/usr/share/texmf-dist/tex/latex/amsmath/amsbsy.sty
Package: amsbsy 1999/11/29 v1.2d Bold Symbols
\pmbraise@=\dimen267
) (/usr/share/texmf-dist/tex/latex/amsmath/amsopn.sty
Package: amsopn 2022/04/08 v2.04 operator names
)
\inf@bad=\count327
LaTeX Info: Redefining \frac on input line 233.
\uproot@=\count328
\leftroot@=\count329
LaTeX Info: Redefining \overline on input line 398.
LaTeX Info: Redefining \colon on input line 409.
\classnum@=\count330
\DOTSCASE@=\count331
LaTeX Info: Redefining \ldots on input line 495.
LaTeX Info: Redefining \dots on input line 498.
LaTeX Info: Redefining \cdots on input line 619.
\Mathstrutbox@=\box72
\strutbox@=\box73
LaTeX Info: Redefining \big on input line 721.
LaTeX Info: Redefining \Big on input line 722.
LaTeX Info: Redefining \bigg on input line 723.
LaTeX Info: Redefining \Bigg on input line 724.
\big@size=\dimen268
LaTeX Font Info:    Redeclaring font encoding OML on input line 742.
LaTeX Font Info:    Redeclaring font encoding OMS on input line 743.
\macc@depth=\count332
LaTeX Info: Redefining \bmod on input line 904.
LaTeX Info: Redefining \pmod on input line 909.
LaTeX Info: Redefining \smash on input line 939.
LaTeX Info: Redefining \relbar on input line 969.
LaTeX Info: Redefining \Relbar on input line 970.
\c@MaxMatrixCols=\count333
\dotsspace@=\muskip18
\c@parentequation=\count334
\dspbrk@lvl=\count335
\tag@help=\toks39
\row@=\count336
\column@=\count337
\maxfields@=\count338
\andhelp@=\toks40
\eqnshift@=\dimen269
\alignsep@=\dimen270
\tagshift@=\dimen271
\tagwidth@=\dimen272
\totwidth@=\dimen273
\lineht@=\dimen274
\@envbody=\toks41
\multlinegap=\skip61
\multlinetaggap=\skip62
\mathdisplay@stack=\toks42
LaTeX Info: Redefining \[ on input line 2953.
LaTeX Info: Redefining \] on input line 2954.
) (/usr/share/texmf-dist/tex/latex/mathtools/mathtools.sty
Package: mathtools 2024/10/04 v1.31 mathematical typesetting tools
 (/usr/share/texmf-dist/tex/latex/tools/calc.sty
Package: calc 2023/07/08 v4.3 Infix arithmetic (KKT,FJ)
\calc@Acount=\count339
\calc@Bcount=\count340
\calc@Adimen=\dimen275
\calc@Bdimen=\dimen276
\calc@Askip=\skip63
\calc@Bskip=\skip64
LaTeX Info: Redefining \setlength on input line 80.
LaTeX Info: Redefining \addtolength on input line 81.
\calc@Ccount=\count341
\calc@Cskip=\skip65
) (/usr/share/texmf-dist/tex/latex/mathtools/mhsetup.sty
Package: mhsetup 2021/03/18 v1.4 programming setup (MH)
)
\g_MT_multlinerow_int=\count342
\l_MT_multwidth_dim=\dimen277
\origjot=\skip66
\l_MT_shortvdotswithinadjustabove_dim=\dimen278
\l_MT_shortvdotswithinadjustbelow_dim=\dimen279
\l_MT_above_intertext_sep=\dimen280
\l_MT_below_intertext_sep=\dimen281
\l_MT_above_shortintertext_sep=\dimen282
\l_MT_below_shortintertext_sep=\dimen283
\xmathstrut@box=\box74
\xmathstrut@dim=\dimen284
) (/usr/share/texmf-dist/tex/latex/multirow/multirow.sty
Package: multirow 2024/11/12 v2.9 Span multiple rows of a table
\multirow@colwidth=\skip67
\multirow@cntb=\count343
\multirow@dima=\skip68
\bigstrutjot=\dimen285
) (/usr/share/texmf-dist/tex/latex/eurosym/eurosym.sty
Package: eurosym 1998/08/06 v1.1 European currency symbol ``Euro''
\@eurobox=\box75
) (/usr/share/texmf-dist/tex/latex/tocloft/tocloft.sty
Package: tocloft 2017/08/31 v2.3i parameterised ToC, etc., typesetting
Package tocloft Info: The document has section divisions on input line 51.
\cftparskip=\skip69
\cftbeforetoctitleskip=\skip70
\cftaftertoctitleskip=\skip71
\cftbeforepartskip=\skip72
\cftpartnumwidth=\skip73
\cftpartindent=\skip74
\cftbeforesecskip=\skip75
\cftsecindent=\skip76
\cftsecnumwidth=\skip77
\cftbeforesubsecskip=\skip78
\cftsubsecindent=\skip79
\cftsubsecnumwidth=\skip80
\cftbeforesubsubsecskip=\skip81
\cftsubsubsecindent=\skip82
\cftsubsubsecnumwidth=\skip83
\cftbeforeparaskip=\skip84
\cftparaindent=\skip85
\cftparanumwidth=\skip86
\cftbeforesubparaskip=\skip87
\cftsubparaindent=\skip88
\cftsubparanumwidth=\skip89
\cftbeforeloftitleskip=\skip90
\cftafterloftitleskip=\skip91
\cftbeforefigskip=\skip92
\cftfigindent=\skip93
\cftfignumwidth=\skip94
\c@lofdepth=\count344
\c@lotdepth=\count345
\cftbeforelottitleskip=\skip95
\cftafterlottitleskip=\skip96
\cftbeforetabskip=\skip97
\cfttabindent=\skip98
\cfttabnumwidth=\skip99


Package tocloft Warning: \@starttoc has already been redefined; tocloft bailing out. on input line 1156.

) (/usr/share/texmf-dist/tex/latex/tabularray/tabularray.sty
Package: tabularray 2024-02-16 v2024A Typeset tabulars and arrays with LaTeX3
\l__tblr_a_int=\count346
\l__tblr_c_int=\count347
\l__tblr_r_int=\count348
\l__tblr_d_dim=\dimen286
\l__tblr_h_dim=\dimen287
\l__tblr_o_dim=\dimen288
\l__tblr_p_dim=\dimen289
\l__tblr_q_dim=\dimen290
\l__tblr_r_dim=\dimen291
\l__tblr_s_dim=\dimen292
\l__tblr_t_dim=\dimen293
\l__tblr_v_dim=\dimen294
\l__tblr_w_dim=\dimen295
\l__tblr_a_box=\box76
\l__tblr_b_box=\box77
\l__tblr_c_box=\box78
\l__tblr_d_box=\box79
\g__tblr_table_count_int=\count349
\c@rownum=\count350
\c@colnum=\count351
\c@rowcount=\count352
\c@colcount=\count353
\abovesep=\dimen296
\belowsep=\dimen297
\leftsep=\dimen298
\rightsep=\dimen299
\g_tblr_level_int=\count354
\g__tblr_data_row_key_count_int=\count355
\g__tblr_data_column_key_count_int=\count356
\g__tblr_data_cell_key_count_int=\count357
\g__tblr_array_int=\count358
\l__tblr_key_count_int=\count359
\l__tblr_key_quotient_int=\count360
\l__tblr_key_quotient_two_int=\count361
\l__tblr_key_remainder_int=\count362
\g__tblr_data_str_value_count_int=\count363
\rulewidth=\dimen300
\l__tblr_strut_dp_dim=\dimen301
\l__tblr_strut_ht_dim=\dimen302
\g__tblr_cell_wd_dim=\dimen303
\g__tblr_cell_ht_dim=\dimen304
\g__tblr_cell_head_dim=\dimen305
\g__tblr_cell_foot_dim=\dimen306
\l__column_target_dim=\dimen307
\l__tblr_caption_box=\box80
\l__tblr_caption_left_box=\box81
\l__tblr_row_head_box=\box82
\l__tblr_row_foot_box=\box83
\l__tblr_row_head_foot_dim=\dimen308
\tablewidth=\dimen309
\l__tblr_table_firsthead_box=\box84
\l__tblr_table_middlehead_box=\box85
\l__tblr_table_lasthead_box=\box86
\l__tblr_table_firstfoot_box=\box87
\l__tblr_table_middlefoot_box=\box88
\l__tblr_table_lastfoot_box=\box89
\l__tblr_remain_height_dim=\dimen310
\l__tblr_long_from_int=\count364
\l__tblr_long_to_int=\count365
\l__tblr_curr_i_int=\count366
\l__tblr_prev_i_int=\count367
\l__tblr_table_page_int=\count368
\l__tblr_table_head_box=\box90
\l__tblr_table_foot_box=\box91
\l__tblr_table_head_foot_dim=\dimen311
\l__tblr_table_head_body_foot_dim=\dimen312
\l__tblr_table_box=\box92
\l__tblr_table_hlines_box=\box93
\l__tblr_hline_box=\box94
\l__tblr_row_box=\box95
\l__tblr_col_o_wd_dim=\dimen313
\l__tblr_col_b_wd_dim=\dimen314
\l__tblr_hline_leftskip_dim=\dimen315
\l__tblr_hline_rightskip_dim=\dimen316
\l__tblr_row_ht_dim=\dimen317
\l__tblr_row_dp_dim=\dimen318
\l__tblr_row_abovesep_dim=\dimen319
\l__tblr_row_belowsep_dim=\dimen320
\l__tblr_row_vlines_box=\box96
\l__tblr_vline_box=\box97
\l__tblr_cell_box=\box98
\l__row_upper_dim=\dimen321
\l__row_lower_dim=\dimen322
\l__row_vpace_dim=\dimen323
\l__tblr_vline_aboveskip_dim=\dimen324
\l__tblr_vline_belowskip_dim=\dimen325
\l__tblr_cell_wd_dim=\dimen326
\l__tblr_cell_ht_dim=\dimen327
\l__tblr_diag_box=\box99
) (/usr/share/texmf-dist/tex/latex/tools/tabularx.sty
Package: tabularx 2023/12/11 v2.12a `tabularx' package (DPC)
 (/usr/share/texmf-dist/tex/latex/tools/array.sty
Package: array 2024/10/17 v2.6g Tabular extension package (FMi)
\col@sep=\dimen328
\ar@mcellbox=\box100
\extrarowheight=\dimen329
\NC@list=\toks43
\extratabsurround=\skip100
\backup@length=\skip101
\ar@cellbox=\box101
)
\TX@col@width=\dimen330
\TX@old@table=\dimen331
\TX@old@col=\dimen332
\TX@target=\dimen333
\TX@delta=\dimen334
\TX@cols=\count369
\TX@ftn=\toks44
) (/usr/share/texmf-dist/tex/latex/todonotes/todonotes.sty
Package: todonotes 2024/01/05 v1.1.7 Todonotes source and documentation.
Package: todonotes 2024/01/05
 (/usr/share/texmf-dist/tex/latex/base/ifthen.sty
Package: ifthen 2024/03/16 v1.1e Standard LaTeX ifthen package (DPC)
) (/usr/share/texmf-dist/tex/latex/xkeyval/xkeyval.sty
Package: xkeyval 2022/06/16 v2.9 package option processing (HA)
 (/usr/share/texmf-dist/tex/generic/xkeyval/xkeyval.tex (/usr/share/texmf-dist/tex/generic/xkeyval/xkvutils.tex
\XKV@toks=\toks45
\XKV@tempa@toks=\toks46
)
\XKV@depth=\count370
File: xkeyval.tex 2014/12/03 v2.7a key=value parser (HA)
)) (/usr/share/texmf-dist/tex/generic/pgf/frontendlayer/tikz/libraries/tikzlibrarypositioning.code.tex
File: tikzlibrarypositioning.code.tex 2023-01-15 v3.1.10 (3.1.10)
)
\c@@todonotes@numberoftodonotes=\count371
) (/usr/share/texmf-dist/tex/latex/siunitx/siunitx.sty
Package: siunitx 2025-02-27 v3.4.6 A comprehensive (SI) units package
\l__siunitx_number_uncert_offset_int=\count372
\l__siunitx_number_exponent_fixed_int=\count373
\l__siunitx_number_min_decimal_int=\count374
\l__siunitx_number_min_integer_int=\count375
\l__siunitx_number_round_precision_int=\count376
\l__siunitx_number_lower_threshold_int=\count377
\l__siunitx_number_upper_threshold_int=\count378
\l__siunitx_number_group_first_int=\count379
\l__siunitx_number_group_size_int=\count380
\l__siunitx_number_group_minimum_int=\count381
\l__siunitx_angle_tmp_dim=\dimen335
\l__siunitx_angle_marker_box=\box102
\l__siunitx_angle_unit_box=\box103
\l__siunitx_compound_count_int=\count382
\l__siunitx_table_tmp_box=\box104
\l__siunitx_table_tmp_dim=\dimen336
\l__siunitx_table_column_width_dim=\dimen337
\l__siunitx_table_integer_box=\box105
\l__siunitx_table_decimal_box=\box106
\l__siunitx_table_uncert_box=\box107
\l__siunitx_table_before_box=\box108
\l__siunitx_table_after_box=\box109
\l__siunitx_table_before_dim=\dimen338
\l__siunitx_table_carry_dim=\dimen339
\l__siunitx_unit_tmp_int=\count383
\l__siunitx_unit_position_int=\count384
\l__siunitx_unit_total_int=\count385
) (/usr/share/texmf-dist/tex/latex/tools/bm.sty
Package: bm 2023/12/19 v1.2f Bold Symbol Support (DPC/FMi)
\symboldoperators=\mathgroup6
\symboldletters=\mathgroup7
\symboldsymbols=\mathgroup8
Package bm Info: No bold for \OMX/cmex/m/n, using \pmb.
Package bm Info: No bold for \U/msa/m/n, using \pmb.
Package bm Info: No bold for \U/msb/m/n, using \pmb.
LaTeX Font Info:    Redeclaring math alphabet \mathbf on input line 149.
) (/usr/share/texmf-dist/tex/latex/units/nicefrac.sty
Package: nicefrac 1998/08/04 v0.9b Nice fractions
\L@UnitsRaiseDisplaystyle=\skip102
\L@UnitsRaiseTextstyle=\skip103
\L@UnitsRaiseScriptstyle=\skip104
) (/usr/share/texmf-dist/tex/latex/caption/subcaption.sty
Package: subcaption 2023/07/28 v1.6b Sub-captions (AR)
 (/usr/share/texmf-dist/tex/latex/caption/caption.sty
Package: caption 2023/08/05 v3.6o Customizing captions (AR)
 (/usr/share/texmf-dist/tex/latex/caption/caption3.sty
Package: caption3 2023/07/31 v2.4d caption3 kernel (AR)
\caption@tempdima=\dimen340
\captionmargin=\dimen341
\caption@leftmargin=\dimen342
\caption@rightmargin=\dimen343
\caption@width=\dimen344
\caption@indent=\dimen345
\caption@parindent=\dimen346
\caption@hangindent=\dimen347
Package caption Info: Standard document class detected.
)
\c@caption@flags=\count386
\c@continuedfloat=\count387
Package caption Info: float package is loaded.
Package caption Info: hyperref package is loaded.
Package caption Info: longtable package is loaded.
 (/usr/share/texmf-dist/tex/latex/caption/ltcaption.sty
Package: ltcaption 2021/01/08 v1.4c longtable captions (AR)
))
Package caption Info: New subtype `subfigure' on input line 238.
\c@subfigure=\count388
Package caption Info: New subtype `subtable' on input line 238.
\c@subtable=\count389
) (/usr/share/texmf-dist/tex/latex/wrapfig/wrapfig.sty
\wrapoverhang=\dimen348
\WF@size=\dimen349
\c@WF@wrappedlines=\count390
\WF@box=\box110
\WF@everypar=\toks47
Package: wrapfig 2003/01/31  v 3.6
) (/usr/share/texmf-dist/tex/latex/csquotes/csquotes.sty
Package: csquotes 2024-04-04 v5.2o context-sensitive quotations (JAW)
\csq@reset=\count391
\csq@gtype=\count392
\csq@glevel=\count393
\csq@qlevel=\count394
\csq@maxlvl=\count395
\csq@tshold=\count396
\csq@ltx@everypar=\toks48
 (/usr/share/texmf-dist/tex/latex/csquotes/csquotes.def
File: csquotes.def 2024-04-04 v5.2o csquotes generic definitions (JAW)
)
Package csquotes Info: Trying to load configuration file 'csquotes.cfg'...
Package csquotes Info: ... configuration file loaded successfully.
 (/usr/share/texmf-dist/tex/latex/csquotes/csquotes.cfg
File: csquotes.cfg 
)) (/usr/share/texmf-dist/tex/latex/needspace/needspace.sty
Package: needspace 2010/09/12 v1.3d reserve vertical space
) (/usr/share/texmf-dist/tex/latex/pdfpages/pdfpages.sty
Package: pdfpages 2025/01/30 v0.6e Insert pages of external PDF documents (AM)
 (/usr/share/texmf-dist/tex/latex/eso-pic/eso-pic.sty
Package: eso-pic 2023/05/03 v3.0c eso-pic (RN)
\ESO@tempdima=\dimen350
\ESO@tempdimb=\dimen351
)
\AM@pagewidth=\dimen352
\AM@pageheight=\dimen353
\AM@fboxrule=\dimen354
 (/usr/share/texmf-dist/tex/latex/pdfpages/pppdftex.def
File: pppdftex.def 2025/01/30 v0.6e Pdfpages driver for pdfTeX (AM)
)
\pdfpages@includegraphics@status=\count397
\AM@pagebox=\box111
\AM@global@opts=\toks49
\AM@pagecnt=\count398
\AM@toc@title=\toks50
\AM@lof@heading=\toks51
\c@AM@survey=\count399
\AM@templatesizebox=\box112
) (/usr/share/texmf-dist/tex/latex/appendix/appendix.sty
Package: appendix 2020/02/08 v1.2c extra appendix facilities
\c@@pps=\count400
\c@@ppsavesec=\count401
\c@@ppsaveapp=\count402
)
Package hyperref Info: Option `colorlinks' set `true' on input line 46.
 (/usr/share/texmf-dist/tex/latex/amscls/amsthm.sty
Package: amsthm 2020/05/29 v2.20.6
\thm@style=\toks52
\thm@bodyfont=\toks53
\thm@headfont=\toks54
\thm@notefont=\toks55
\thm@headpunct=\toks56
\thm@preskip=\skip105
\thm@postskip=\skip106
\thm@headsep=\skip107
\dth@everypar=\toks57
) (./acronyms.tex
\c@g@acro@can@int=\count403
\c@g@acro@hmi@int=\count404
\c@g@acro@ip@int=\count405
\c@g@acro@api@int=\count406
\c@g@acro@rest@int=\count407
\c@g@acro@ssh@int=\count408
\c@g@acro@dll@int=\count409
\c@g@acro@json@int=\count410
\c@g@acro@ascii@int=\count411
\c@g@acro@hal@int=\count412
\c@g@acro@gui@int=\count413
\c@g@acro@xml@int=\count414
\c@g@acro@uuid@int=\count415
\c@g@acro@usb@int=\count416
\c@g@acro@ide@int=\count417
\c@g@acro@tls@int=\count418
\c@g@acro@rpc@int=\count419
\c@g@acro@url@int=\count420
\c@g@acro@http@int=\count421
\c@g@acro@bsw@int=\count422
\c@g@acro@eeprom@int=\count423
\c@g@acro@mcu@int=\count424
\c@g@acro@crc@int=\count425
\c@g@acro@sent@int=\count426
\c@g@acro@ecu@int=\count427
\c@g@acro@sbc@int=\count428
\c@g@acro@cpu@int=\count429
\c@g@acro@pcb@int=\count430
\c@g@acro@esd@int=\count431
\c@g@acro@spc@int=\count432
\c@g@acro@mosfet@int=\count433
\c@g@acro@bjt@int=\count434
\c@g@acro@fm@int=\count435
\c@g@acro@am@int=\count436
\c@g@acro@adc@int=\count437
\c@g@acro@dc@int=\count438
\c@g@acro@osi@int=\count439
\c@g@acro@iso@int=\count440
\c@g@acro@tcpip@int=\count441
\c@g@acro@dma@int=\count442
\c@g@acro@pwm@int=\count443
\c@g@acro@i2s@int=\count444
\c@g@acro@isa@int=\count445
\c@g@acro@lifo@int=\count446
\c@g@acro@mips@int=\count447
\c@g@acro@risc@int=\count448
\c@g@acro@cisc@int=\count449
\c@g@acro@alu@int=\count450
\c@g@acro@smd@int=\count451
\c@g@acro@led@int=\count452
\c@g@acro@tht@int=\count453
\c@g@acro@dut@int=\count454
\c@g@acro@ic@int=\count455
\c@g@acro@ieee@int=\count456
\c@g@acro@io@int=\count457
\c@g@acro@ram@int=\count458
\c@g@acro@rom@int=\count459
\c@g@acro@arm@int=\count460
\c@g@acro@lc3@int=\count461
\c@g@acro@ava@int=\count462
\c@g@acro@jedec@int=\count463
\c@g@acro@ptc@int=\count464
\c@g@acro@ntc@int=\count465
\c@g@acro@uart@int=\count466
\c@g@acro@gpio@int=\count467
\c@g@acro@icp@int=\count468
\c@g@acro@icsp@int=\count469
\c@g@acro@emi@int=\count470
\c@g@acro@lsb@int=\count471
\c@g@acro@jvm@int=\count472
) (./config.tex)
Package csquotes Info: Checking for multilingual support...
Package csquotes Info: ... found 'babel' package.
Package csquotes Info: Adjusting default style.
Package csquotes Info: Redefining alias 'default' -> 'english'.


LaTeX Warning: Unused global option(s):
    [parskip,headheight,BCOR,footheight].

No file thesis.aux.
\openout1 = `thesis.aux'.

LaTeX Font Info:    Checking defaults for OML/cmm/m/it on input line 65.
LaTeX Font Info:    ... okay on input line 65.
LaTeX Font Info:    Checking defaults for OMS/cmsy/m/n on input line 65.
LaTeX Font Info:    ... okay on input line 65.
LaTeX Font Info:    Checking defaults for OT1/cmr/m/n on input line 65.
LaTeX Font Info:    ... okay on input line 65.
LaTeX Font Info:    Checking defaults for T1/cmr/m/n on input line 65.
LaTeX Font Info:    ... okay on input line 65.
LaTeX Font Info:    Checking defaults for TS1/cmr/m/n on input line 65.
LaTeX Font Info:    ... okay on input line 65.
LaTeX Font Info:    Checking defaults for OMX/cmex/m/n on input line 65.
LaTeX Font Info:    ... okay on input line 65.
LaTeX Font Info:    Checking defaults for U/cmr/m/n on input line 65.
LaTeX Font Info:    ... okay on input line 65.
LaTeX Font Info:    Checking defaults for PD1/pdf/m/n on input line 65.
LaTeX Font Info:    ... okay on input line 65.
LaTeX Font Info:    Checking defaults for PU/pdf/m/n on input line 65.
LaTeX Font Info:    ... okay on input line 65.
*geometry* driver: auto-detecting
*geometry* detected driver: pdftex
*geometry* verbose mode - [ preamble ] result:
* driver: pdftex
* paper: <default>
* layout: <same size as paper>
* layoutoffset:(h,v)=(0.0pt,0.0pt)
* modes: 
* h-part:(L,W,R)=(72.26999pt, 469.75502pt, 72.26999pt)
* v-part:(T,H,B)=(72.26999pt, 650.43001pt, 72.26999pt)
* \paperwidth=614.295pt
* \paperheight=794.96999pt
* \textwidth=469.75502pt
* \textheight=650.43001pt
* \oddsidemargin=0.0pt
* \evensidemargin=0.0pt
* \topmargin=-37.0pt
* \headheight=12.0pt
* \headsep=25.0pt
* \topskip=12.0pt
* \footskip=30.0pt
* \marginparwidth=44.0pt
* \marginparsep=10.0pt
* \columnsep=10.0pt
* \skip\footins=10.8pt plus 4.0pt minus 2.0pt
* \hoffset=0.0pt
* \voffset=0.0pt
* \mag=1000
* \@twocolumnfalse
* \@twosidefalse
* \@mparswitchfalse
* \@reversemarginfalse
* (1in=72.27pt=25.4mm, 1cm=28.453pt)

(/usr/share/texmf-dist/tex/latex/translations/translations-basic-dictionary-english.trsl
File: translations-basic-dictionary-english.trsl (english translation file `translations-basic-dictionary')
)
Package translations Info: loading dictionary `translations-basic-dictionary' for `english'. on input line 65.
 (/usr/share/texmf-dist/tex/context/base/mkii/supp-pdf.mkii
[Loading MPS to PDF converter (version 2006.09.02).]
\scratchcounter=\count473
\scratchdimen=\dimen355
\scratchbox=\box113
\nofMPsegments=\count474
\nofMParguments=\count475
\everyMPshowfont=\toks58
\MPscratchCnt=\count476
\MPscratchDim=\dimen356
\MPnumerator=\count477
\makeMPintoPDFobject=\count478
\everyMPtoPDFconversion=\toks59
) (/usr/share/texmf-dist/tex/latex/epstopdf-pkg/epstopdf-base.sty
Package: epstopdf-base 2020-01-24 v2.11 Base part for package epstopdf
Package epstopdf-base Info: Redefining graphics rule for `.eps' on input line 485.
 (/usr/share/texmf-dist/tex/latex/latexconfig/epstopdf-sys.cfg
File: epstopdf-sys.cfg 2010/07/13 v1.3 Configuration of (r)epstopdf for TeX Live
))
Package hyperref Info: Link coloring ON on input line 65.
\@outlinefile=\write4
\openout4 = `thesis.out'.

 (/usr/share/texmf-dist/tex/latex/ninecolors/ninecolors.sty
Package: ninecolors 2022-02-13 v2022D Select colors with proper color contrast
 (/usr/share/texmf-dist/tex/latex/l3packages/xparse/xparse.sty
Package: xparse 2024-08-16 L3 Experimental document command parser
))

Package todonotes Warning: The length marginparwidth is less than 2cm and will most likely cause issues with the appearance of inserted todonotes. The issue can be solved by adding a line like \setlength {\marginparwidth }{2cm} prior to loading the todonotes package. on input line 65.

Package caption Info: Begin \AtBeginDocument code.
Package caption Info: wrapfig package is loaded.
Package caption Info: End \AtBeginDocument code.
(/usr/share/texmf-dist/tex/latex/pdflscape/pdflscape.sty
Package: pdflscape 2022-10-27 v0.13 Display of landscape pages in PDF
 (/usr/share/texmf-dist/tex/latex/pdflscape/pdflscape-nometadata.sty
Package: pdflscape-nometadata 2022-10-28 v0.13 Display of landscape pages in PDF (HO)
 (/usr/share/texmf-dist/tex/latex/graphics/lscape.sty
Package: lscape 2020/05/28 v3.02 Landscape Pages (DPC)
)
Package pdflscape Info: Auto-detected driver: pdftex on input line 81.
))
\openout2 = `cover.aux'.

 (./cover.tex
<images/logo.jpg, id=7, 1933.2225pt x 1927.2pt>
File: images/logo.jpg Graphic file (type jpg)
<use images/logo.jpg>
Package pdftex.def Info: images/logo.jpg  used on input line 3.
(pdftex.def)             Requested size: 71.32751pt x 71.13188pt.
<images/dhbw.png, id=8, 710.655pt x 299.1175pt>
File: images/dhbw.png Graphic file (type png)
<use images/dhbw.png>
Package pdftex.def Info: images/dhbw.png  used on input line 7.
(pdftex.def)             Requested size: 168.99919pt x 71.13188pt.

Overfull \hbox (15.35449pt too wide) in paragraph at lines 7--8
[][] 
 []

LaTeX Font Info:    Trying to load font information for U+msa on input line 22.
(/usr/share/texmf-dist/tex/latex/amsfonts/umsa.fd
File: umsa.fd 2013/01/14 v3.01 AMS symbols A
)
LaTeX Font Info:    Trying to load font information for U+msb on input line 22.
 (/usr/share/texmf-dist/tex/latex/amsfonts/umsb.fd
File: umsb.fd 2013/01/14 v3.01 AMS symbols B
)

[1

{/var/lib/texmf/fonts/map/pdftex/updmap/pdftex.map} <./images/logo.jpg> <./images/dhbw.png>])
\openout2 = `statutory.aux'.

 (./statutory.tex


pdfTeX warning (ext4): destination with the same identifier (name{page.1}) has been already used, duplicate ignored
<to be read again> 
                   \relax 
l.6 \section
            *{Statutory declaration} [1]
<images/signature.png, id=21, 210.03468pt x 87.32625pt>
File: images/signature.png Graphic file (type png)
<use images/signature.png>
Package pdftex.def Info: images/signature.png  used on input line 21.
(pdftex.def)             Requested size: 117.43875pt x 48.82774pt.
)

[2 <./images/signature.png>]
\openout2 = `abstract.aux'.

 (./abstract.tex)

[3]
No file thesis.toc.
\tf@toc=\write5
\openout5 = `thesis.toc'.



[4]

[5]
No file thesis.lot.
\tf@lot=\write6
\openout6 = `thesis.lot'.



[6]
No file thesis.lof.
\tf@lof=\write7
\openout7 = `thesis.lof'.



[7] (./sections/intro.tex

LaTeX Warning: Citation `jdh8_1' on page 1 undefined on input line 5.


LaTeX Warning: Citation `jdh8_2' on page 1 undefined on input line 5.


LaTeX Warning: Citation `jdh8_3' on page 1 undefined on input line 5.


LaTeX Warning: Citation `jdh8_4' on page 1 undefined on input line 5.


LaTeX Warning: Citation `jdh8_repo' on page 1 undefined on input line 5.


LaTeX Warning: Citation `eater6502' on page 1 undefined on input line 5.




pdfTeX warning (ext4): destination with the same identifier (name{page.1}) has been already used, duplicate ignored
<to be read again> 
                   \relax 
l.18 
      [1])


pdfTeX warning (ext4): destination with the same identifier (name{page.2}) has been already used, duplicate ignored
<to be read again> 
                   \relax 
l.113 \newpage
               [2] (./sections/fundamentals.tex (./sections/fundamentals/boolean_logic.tex

LaTeX Warning: Citation `wikipedia_setun' on page 3 undefined on input line 3.


LaTeX Warning: Reference `tab:boolean_operators' on page 3 undefined on input line 15.


Package caption Warning: The option `hypcap=true' will be ignored for this
(caption)                particular \caption on input line 35.
See the caption package documentation for explanation.


Overfull \hbox (30.0pt too wide) in paragraph at lines 18--37
[][] 
 []


LaTeX Warning: Citation `shannon1938symbolic' on page 3 undefined on input line 38.




pdfTeX warning (ext4): destination with the same identifier (name{page.3}) has been already used, duplicate ignored
<to be read again> 
                   \relax 
l.39 
      [3]

LaTeX Warning: Reference `gather_and_or_not' on page 4 undefined on input line 52.


LaTeX Warning: Reference `sec:logical_operators' on page 4 undefined on input line 56.


LaTeX Warning: Citation `West2001' on page 4 undefined on input line 56.


LaTeX Warning: Reference `fig:logic_gates_and' on page 4 undefined on input line 58.


LaTeX Warning: Reference `fig:logic_gates_not' on page 4 undefined on input line 58.


LaTeX Warning: Reference `tab:boolean_operators' on page 4 undefined on input line 58.


LaTeX Warning: Citation `STD14456' on page 4 undefined on input line 58.


LaTeX Warning: Citation `ISO60617' on page 4 undefined on input line 58.

<images/drawio/and_symbol.png, id=84, 304.13625pt x 183.68625pt>
File: images/drawio/and_symbol.png Graphic file (type png)
<use images/drawio/and_symbol.png>
Package pdftex.def Info: images/drawio/and_symbol.png  used on input line 65.
(pdftex.def)             Requested size: 98.64911pt x 59.57959pt.

LaTeX Warning: Citation `STD14456' on page 4 undefined on input line 66.


LaTeX Warning: Citation `STD14456' on page 4 undefined on input line 66.

<images/drawio/or_symbol.png, id=85, 304.13625pt x 183.68625pt>
File: images/drawio/or_symbol.png Graphic file (type png)
<use images/drawio/or_symbol.png>
Package pdftex.def Info: images/drawio/or_symbol.png  used on input line 73.
(pdftex.def)             Requested size: 98.64911pt x 59.57959pt.

LaTeX Warning: Citation `STD14456' on page 4 undefined on input line 74.


LaTeX Warning: Citation `STD14456' on page 4 undefined on input line 74.

<images/drawio/not_symbol.png, id=86, 304.13625pt x 183.68625pt>
File: images/drawio/not_symbol.png Graphic file (type png)
<use images/drawio/not_symbol.png>
Package pdftex.def Info: images/drawio/not_symbol.png  used on input line 81.
(pdftex.def)             Requested size: 98.64911pt x 59.57959pt.

LaTeX Warning: Citation `STD14456' on page 4 undefined on input line 82.


LaTeX Warning: Citation `STD14456' on page 4 undefined on input line 82.




pdfTeX warning (ext4): destination with the same identifier (name{page.4}) has been already used, duplicate ignored
<to be read again> 
                   \relax 
l.85 \end{figure}
                  [4]

LaTeX Warning: Reference `fig:or_from_and' on page 5 undefined on input line 87.

<images/drawio/or_from_and.png, id=94, 966.61125pt x 484.81125pt>
File: images/drawio/or_from_and.png Graphic file (type png)
<use images/drawio/or_from_and.png>
Package pdftex.def Info: images/drawio/or_from_and.png  used on input line 91.
(pdftex.def)             Requested size: 328.82707pt x 164.92241pt.
<images/drawio/multiplexer_tree.png, id=95, 2409.0pt x 1730.465pt>
File: images/drawio/multiplexer_tree.png Graphic file (type png)
<use images/drawio/multiplexer_tree.png>
Package pdftex.def Info: images/drawio/multiplexer_tree.png  used on input line 106.
(pdftex.def)             Requested size: 328.82707pt x 236.19035pt.



pdfTeX warning (ext4): destination with the same identifier (name{page.5}) has been already used, duplicate ignored
<to be read again> 
                   \relax 
l.110 
       [5 <./images/drawio/and_symbol.png> <./images/drawio/or_symbol.png> <./images/drawio/not_symbol.png> <./images/drawio/or_from_and.png>]

LaTeX Warning: Reference `fig:implementation_modularisation_multiplexer_tree' on page 6 undefined on input line 111.


LaTeX Warning: Citation `tanenbaum2012sco' on page 6 undefined on input line 111.

) (./sections/fundamentals/timing.tex

LaTeX Warning: Citation `heule2016stratified' on page 6 undefined on input line 3.




pdfTeX warning (ext4): destination with the same identifier (name{page.6}) has been already used, duplicate ignored
<to be read again> 
                   \relax 
l.4 
     [6 <./images/drawio/multiplexer_tree.png>]

LaTeX Warning: Citation `azar1996experimental' on page 7 undefined on input line 9.


LaTeX Warning: Reference `fig:critical_path' on page 7 undefined on input line 11.

<images/drawio/critical_path.png, id=115, 1327.96124pt x 484.81125pt>
File: images/drawio/critical_path.png Graphic file (type png)
<use images/drawio/critical_path.png>
Package pdftex.def Info: images/drawio/critical_path.png  used on input line 15.
(pdftex.def)             Requested size: 328.82707pt x 120.04848pt.

LaTeX Warning: Reference `fig:nand_sr_latch' on page 7 undefined on input line 22.




pdfTeX warning (ext4): destination with the same identifier (name{page.7}) has been already used, duplicate ignored
<to be read again> 
                   \relax 
l.23 
      [7 <./images/drawio/critical_path.png>]
<images/drawio/nand_latch.png, id=122, 683.55376pt x 514.92375pt>
File: images/drawio/nand_latch.png Graphic file (type png)
<use images/drawio/nand_latch.png>
Package pdftex.def Info: images/drawio/nand_latch.png  used on input line 28.
(pdftex.def)             Requested size: 197.29823pt x 148.62477pt.


LaTeX Warning: Reference `equ:latch_q' on page 8 undefined on input line 45.


LaTeX Warning: Reference `equ:latch_q_not' on page 8 undefined on input line 45.

) (./sections/fundamentals/cpu.tex

[8 <./images/drawio/nand_latch.png>]

LaTeX Warning: Citation `intel4004history' on page 9 undefined on input line 15.


LaTeX Warning: Citation `cpu-world8008' on page 9 undefined on input line 15.


LaTeX Warning: Citation `heule2016stratified' on page 9 undefined on input line 15.



[9]

LaTeX Warning: Reference `fig:cpu_structure' on page 10 undefined on input line 34.



[10{/usr/share/texmf-dist/fonts/enc/dvips/cm-super/cm-super-ts1.enc}]
<images/drawio/cpu_structure.png, id=145, 906.38625pt x 514.92375pt>
File: images/drawio/cpu_structure.png Graphic file (type png)
<use images/drawio/cpu_structure.png>
Package pdftex.def Info: images/drawio/cpu_structure.png  used on input line 38.
(pdftex.def)             Requested size: 328.82707pt x 186.81026pt.


LaTeX Warning: Citation `wikipedia_cpu' on page 11 undefined on input line 39.


LaTeX Warning: Citation `wikipedia_cpu' on page 11 undefined on input line 39.

<images/drawio/bus.png, id=146, 1147.28625pt x 484.81125pt>
File: images/drawio/bus.png Graphic file (type png)
<use images/drawio/bus.png>
Package pdftex.def Info: images/drawio/bus.png  used on input line 51.
(pdftex.def)             Requested size: 328.82707pt x 138.94939pt.


[11 <./images/drawio/cpu_structure.png>]

LaTeX Warning: Reference `fig:system_bus' on page 12 undefined on input line 56.


LaTeX Warning: Reference `fig:push_pull_stage' on page 12 undefined on input line 67.

<images/drawio/push_pull.png, id=155, 602.25pt x 692.5875pt>
File: images/drawio/push_pull.png Graphic file (type png)
<use images/drawio/push_pull.png>
Package pdftex.def Info: images/drawio/push_pull.png  used on input line 72.
(pdftex.def)             Requested size: 234.8775pt x 270.10803pt.


[12 <./images/drawio/bus.png>]

LaTeX Warning: Citation `gajski1997principles' on page 13 undefined on input line 77.

) (./sections/fundamentals/isa.tex

LaTeX Warning: Reference `sec:logical_operators' on page 13 undefined on input line 7.


LaTeX Warning: Citation `intel1997p6' on page 13 undefined on input line 7.



[13 <./images/drawio/push_pull.png>]

LaTeX Warning: Citation `bryant2015computer' on page 14 undefined on input line 15.



[14]

LaTeX Warning: Citation `mips1995' on page 15 undefined on input line 21.

<images/drawio/x86_register_size.png, id=178, 1017.8025pt x 328.22626pt>
File: images/drawio/x86_register_size.png Graphic file (type png)
<use images/drawio/x86_register_size.png>
Package pdftex.def Info: images/drawio/x86_register_size.png  used on input line 25.
(pdftex.def)             Requested size: 328.82707pt x 106.04121pt.

LaTeX Warning: Reference `fig:x86_register_sizes' on page 15 undefined on input line 30.


LaTeX Warning: Citation `intelASM86Manual1983' on page 15 undefined on input line 30.



[15 <./images/drawio/x86_register_size.png>]

LaTeX Warning: Citation `nintendo_gb_manual_v1_1' on page 16 undefined on input line 44.

<images/drawio/stack_architecture.png, id=185, 837.1275pt x 632.3625pt>
File: images/drawio/stack_architecture.png Graphic file (type png)
<use images/drawio/stack_architecture.png>
Package pdftex.def Info: images/drawio/stack_architecture.png  used on input line 56.
(pdftex.def)             Requested size: 140.92793pt x 106.44846pt.
<images/drawio/accumulator_architecture.png, id=186, 837.1275pt x 843.15pt>
File: images/drawio/accumulator_architecture.png Graphic file (type png)
<use images/drawio/accumulator_architecture.png>
Package pdftex.def Info: images/drawio/accumulator_architecture.png  used on input line 63.
(pdftex.def)             Requested size: 140.92793pt x 141.93127pt.
<images/drawio/register_architecture.png, id=187, 837.1275pt x 632.3625pt>
File: images/drawio/register_architecture.png Graphic file (type png)
<use images/drawio/register_architecture.png>
Package pdftex.def Info: images/drawio/register_architecture.png  used on input line 70.
(pdftex.def)             Requested size: 140.92793pt x 106.44846pt.


[16]

LaTeX Warning: Citation `oracle_jvms_8' on page 17 undefined on input line 79.


LaTeX Warning: Citation `ike-nwosu2024pythonvm' on page 17 undefined on input line 79.


Overfull \hbox (20.9899pt too wide) in paragraph at lines 79--80
[]\OT1/cmr/m/n/12 The stack based model uses a sin-gle work-ing mem-ory, which is or-gan-ised by the [][]
 []


LaTeX Warning: Citation `schlyter200513' on page 17 undefined on input line 81.


LaTeX Warning: Reference `fig:register_architecture' on page 17 undefined on input line 83.



[17 <./images/drawio/stack_architecture.png> <./images/drawio/accumulator_architecture.png> <./images/drawio/register_architecture.png>]

LaTeX Warning: Reference `fig:addressing_modes_general' on page 18 undefined on input line 87.

<images/drawio/addressing_modes_general.png, id=204, 2291.56125pt x 665.48625pt>
File: images/drawio/addressing_modes_general.png Graphic file (type png)
<use images/drawio/addressing_modes_general.png>
Package pdftex.def Info: images/drawio/addressing_modes_general.png  used on input line 91.
(pdftex.def)             Requested size: 328.82707pt x 95.49281pt.

LaTeX Warning: Citation `sivarama_addrmodes' on page 18 undefined on input line 92.


LaTeX Warning: Citation `sivarama_addrmodes' on page 18 undefined on input line 92.


LaTeX Warning: Citation `schlyter200513' on page 18 undefined on input line 100.


LaTeX Warning: Citation `cpu-world8008' on page 18 undefined on input line 100.


Overfull \hbox (14.24922pt too wide) in paragraph at lines 104--105
\OT1/cmr/m/n/12 An in-struc-tion is the atomic build-ing block of pro-grams. In [][]
 []


LaTeX Warning: Citation `mahoney2021enumerating' on page 18 undefined on input line 108.



[18 <./images/drawio/addressing_modes_general.png>]

LaTeX Warning: Citation `armv7m_manual' on page 19 undefined on input line 112.



[19]
<images/drawio/mips_instruction_encoding.png, id=220, 1150.2975pt x 686.565pt>
File: images/drawio/mips_instruction_encoding.png Graphic file (type png)
<use images/drawio/mips_instruction_encoding.png>
Package pdftex.def Info: images/drawio/mips_instruction_encoding.png  used on input line 120.
(pdftex.def)             Requested size: 328.82707pt x 196.25972pt.


LaTeX Warning: Citation `mips1995' on page 20 undefined on input line 121.


LaTeX Warning: Citation `mips1995' on page 20 undefined on input line 121.


LaTeX Warning: Reference `fig:mips_instruction_encoding' on page 20 undefined on input line 125.


LaTeX Warning: Citation `mips1995' on page 20 undefined on input line 125.


LaTeX Warning: Citation `mips1995' on page 20 undefined on input line 125.


Overfull \hbox (36.7732pt too wide) in paragraph at lines 125--126
[][] \OT1/cmr/m/n/12 shows the in-struc-tion en-cod-ing scheme of the [][]
 []


Overfull \hbox (148.4631pt too wide) in paragraph at lines 125--126
\OT1/cmr/m/n/12 ar-chi-tec-ture, in-clud-ing brief de-scrip-tions of the in-di-vid-ual fields. Since [][]
 []


Overfull \hbox (129.64154pt too wide) in paragraph at lines 125--126
\OT1/cmr/m/n/12 length da-tum of 32 bits, which cor-re-sponds to one ma-chine word in [][]
 []

<images/drawio/mips_instruction_encoding_example.png, id=221, 969.6225pt x 325.215pt>
File: images/drawio/mips_instruction_encoding_example.png Graphic file (type png)
<use images/drawio/mips_instruction_encoding_example.png>
Package pdftex.def Info: images/drawio/mips_instruction_encoding_example.png  used on input line 129.
(pdftex.def)             Requested size: 328.82707pt x 110.28877pt.


[20 <./images/drawio/mips_instruction_encoding.png>]

LaTeX Warning: Reference `fig:mips_instruction_encoding_example' on page 21 undefined on input line 134.



[21 <./images/drawio/mips_instruction_encoding_example.png>]
<images/drawio/microcode_horizontal.png, id=235, 1568.86125pt x 370.38374pt>
File: images/drawio/microcode_horizontal.png Graphic file (type png)
<use images/drawio/microcode_horizontal.png>
Package pdftex.def Info: images/drawio/microcode_horizontal.png  used on input line 156.
(pdftex.def)             Requested size: 375.80544pt x 88.7187pt.


LaTeX Warning: Reference `fig:horizontal_microcode' on page 22 undefined on input line 161.


LaTeX Warning: Reference `fig:horizontal_microcode' on page 22 undefined on input line 161.


LaTeX Warning: Reference `fig:pc_multiplexer' on page 22 undefined on input line 161.

<images/drawio/pc_multiplexer.png, id=236, 876.27374pt x 620.3175pt>
File: images/drawio/pc_multiplexer.png Graphic file (type png)
<use images/drawio/pc_multiplexer.png>
Package pdftex.def Info: images/drawio/pc_multiplexer.png  used on input line 165.
(pdftex.def)             Requested size: 281.85587pt x 199.52791pt.


[22 <./images/drawio/microcode_horizontal.png>]))

[23 <./images/drawio/pc_multiplexer.png>] (./sections/isa.tex (./sections/isa/philosophy.tex

LaTeX Warning: Reference `sec:logical_operators' on page 24 undefined on input line 7.



[24]) (./sections/isa/execution_model.tex

LaTeX Warning: Reference `sec:fundamentals_isa_execution_model' on page 25 undefined on input line 3.

) (./sections/isa/memory_model.tex

LaTeX Warning: Reference `sec:fundamentals_isa_memory_model' on page 25 undefined on input line 3.



[25]

LaTeX Warning: Citation `computermuseum_pdp8s' on page 26 undefined on input line 5.


LaTeX Warning: Citation `wikichip_intel3000' on page 26 undefined on input line 5.


LaTeX Warning: Citation `intel4004history' on page 26 undefined on input line 5.


LaTeX Warning: Reference `sec:implementation_instruction_encoding' on page 26 undefined on input line 7.


LaTeX Warning: Reference `tab:register_set' on page 26 undefined on input line 9.


Package caption Warning: The option `hypcap=true' will be ignored for this
(caption)                particular \caption on input line 37.
See the caption package documentation for explanation.


Overfull \hbox (30.0pt too wide) in paragraph at lines 11--39
[][] 
 []



[26]

LaTeX Warning: Citation `mips1995' on page 27 undefined on input line 40.


LaTeX Warning: Citation `riscv_specs' on page 27 undefined on input line 40.


LaTeX Warning: Citation `sparc_specs' on page 27 undefined on input line 40.


LaTeX Warning: Citation `mips1995' on page 27 undefined on input line 40.


Overfull \hbox (89.13086pt too wide) in paragraph at lines 40--41
[][] \OT1/cmr/m/n/12 ar-chi-tec-tures such as [][]
 []


LaTeX Warning: Reference `tab:implementation_alu_flags' on page 27 undefined on input line 65.



[27]) (./sections/isa/addressing_modes.tex

LaTeX Warning: Reference `fig:addressing_modes_implemented' on page 28 undefined on input line 3.


LaTeX Warning: Reference `fig:addressing_modes_general' on page 28 undefined on input line 3.

<images/drawio/addressing_modes_implemented.png, id=282, 2291.56125pt x 668.4975pt>
File: images/drawio/addressing_modes_implemented.png Graphic file (type png)
<use images/drawio/addressing_modes_implemented.png>
Package pdftex.def Info: images/drawio/addressing_modes_implemented.png  used on input line 7.
(pdftex.def)             Requested size: 328.82707pt x 95.92491pt.

LaTeX Warning: Citation `sivarama_addrmodes' on page 28 undefined on input line 8.


LaTeX Warning: Citation `sivarama_addrmodes' on page 28 undefined on input line 8.



[28]) (./sections/isa/instructions.tex

LaTeX Warning: Reference `sec:implementation_isa_memory_model' on page 29 undefined on input line 14.

<images/drawio/bitwise_operators_logic.png, id=289, 1656.1875pt x 1150.2975pt>
File: images/drawio/bitwise_operators_logic.png Graphic file (type png)
<use images/drawio/bitwise_operators_logic.png>
Package pdftex.def Info: images/drawio/bitwise_operators_logic.png  used on input line 19.
(pdftex.def)             Requested size: 328.82707pt x 228.38797pt.


[29 <./images/drawio/addressing_modes_implemented.png>]
LaTeX Font Info:    Trying to load font information for OMS+cmtt on input line 24.
LaTeX Font Info:    No file OMScmtt.fd. on input line 24.


LaTeX Font Warning: Font shape `OMS/cmtt/m/n' undefined
(Font)              using `OMS/cmsy/m/n' instead
(Font)              for symbol `textbraceleft' on input line 24.


LaTeX Warning: Reference `sec:logical_operators' on page 30 undefined on input line 24.


LaTeX Warning: Reference `align:binary_operators_from_nand' on page 30 undefined on input line 26.


LaTeX Warning: Reference `fig:logic_gates_binary_operators' on page 30 undefined on input line 26.


Package caption Warning: \setcaptiontype
(caption)                outside box or environment on input line 34.
See the caption package documentation for explanation.


Package caption Warning: The option `hypcap=true' will be ignored for this
(caption)                particular \caption on input line 34.
See the caption package documentation for explanation.



[30 <./images/drawio/bitwise_operators_logic.png>]

LaTeX Warning: Citation `intelASM86Manual1983' on page 31 undefined on input line 61.



[31]

LaTeX Warning: Reference `tab:instruction_suffices' on page 32 undefined on input line 103.


LaTeX Warning: Reference `tab:instruction_suffices' on page 32 undefined on input line 103.


LaTeX Warning: Reference `tab:instructions' on page 32 undefined on input line 108.


LaTeX Warning: Reference 